This is pdfTeX, Version 3.141592653-2.6-1.40.26 (TeX Live 2024) (preloaded format=latex 2025.2.3)  12 APR 2026 13:37
entering extended mode
 restricted \write18 enabled.
 %&-line parsing enabled.
**elsarticle.ins
(./elsarticle.ins
LaTeX2e <2023-11-01> patch level 1
L3 programming layer <2024-02-20>
(/usr/local/texlive/2024/texmf-dist/tex/latex/base/docstrip.tex
\blockLevel=\count188
\emptyLines=\count189
\processedLines=\count190
\commentsRemoved=\count191
\commentsPassed=\count192
\codeLinesPassed=\count193
\TotalprocessedLines=\count194
\TotalcommentsRemoved=\count195
\TotalcommentsPassed=\count196
\TotalcodeLinesPassed=\count197
\NumberOfFiles=\count198
\inFile=\read2
\inputcheck=\read3
\off@0=\count199
\off@1=\count266
\off@2=\count267
\off@3=\count268
\off@4=\count269
\off@5=\count270
\off@6=\count271
\off@7=\count272
\off@8=\count273
\off@9=\count274
\off@10=\count275
\off@11=\count276
\off@12=\count277
\off@13=\count278
\off@14=\count279
\off@15=\count280
\@maxfiles=\count281
\@maxoutfiles=\count282

Utility: `docstrip' v2.6b <2022-09-03>
English documentation    <2023-10-10>

**********************************************************
* This program converts documented macro-files into fast *
* loadable files by stripping off (nearly) all comments! *
**********************************************************

********************************************************
* No Configuration file found, using default settings. *
********************************************************

)

Generating file(s) ./elsarticle.cls 
\openout0 = `./elsarticle.cls'.


Processing file elsarticle.dtx (class) -> elsarticle.cls
% % % % % % % % % % % % % % % % % % % % % <*driver . . . . . . . . . . > % % %
% % % % % % % % % % % % % % % % % % % % % % % % % % % % % . % % % % % % % % %
% % % % % % % % % % % % % <*class . . . . . . . . . . . . . . . . . . . . . .
. . . . . . . . . . . . . . . . . . . . . . . . . . . . . . . . . . . . . . .
. . . . . . . . . . . . . . . . . . . . . . . . . . . . % % % % % . . . . . .
. . . . . . . . . . . . . . . . % . . . . . . . . . . . . . . . . . . . . . .
. . . . . . . . . . . . . . . . . . . . . . . . . . . . . . . . . . . . . . .
. . . . . . . . . . . . . . . . . . . . . . . . . . . . . . . . . . . . . . .
. . . . . . . . . . . . . . . . . . . . . . . . . . . . . . . . . . . . . . .
. . . . . . . . . . . . . . . . . . . . . . . . . . . . . . . . . . . . . . .
. . . . . . . . . . . . . . . . . . . . . . . . . . . . . . . . . . . . . . .
. . . . . . . . . . . . . . . . . . . . . . . . . . . . . . . . . . . . . . .
. . . . . . . . . . . . . . . . . . . . . . . . . . . . . . . . . . . . . . .
. . . . . . . . . . . . . . . . . . . . . . . . . . . . . . . . . . . . . . .
. . . . . . . . . . . . . . . . . . . . . . . . . . . . . . . . . . . . . . .
. . . . . . . . . . . . . . . . . . . . . . . . . . . . . . . . . . . . . . .
. . . . . . . . . . . . . . . . . . . . . . . . / . . . . . . . . . . . . . .
. . . . . . . . . . . . . . . . . . . . . . . . . . . . . . . . . . . . . . .
. . . . . . / . . . . . . . . . . . . . . . . . . . . . . . . . . . . . . . .
. . . . . . . . . . . . . . . . . . . . . . . . . . . . . . . . . . . . . . .
. . . . . . . . . . . . . . . . . . . . . . . . . . . . . . . . . . . . . . .
. . . . . . . . . . . . . . . . . . . . . . . . . . . . . . . . . . . . . . .
. . . . . . . . . . . . . . . . . . . . . . . . . . . . . . . . . . . . . . .
. . . . . . . . . . . . . . . . . . . . . . . . . . . . . . . . . . . . . . .
. . . . . . . . . . . . . . . . . . . . . . . . . . . . . . . . . . . . . . .
. . . . . . . . . . . . . . . . . . . . . . . . . . . . . . . . . . . . . . .
. . . . . . . . . . . . . . . . . . . . . . . . . . . . . . . . . . . . . . .
. . . . . . . . . . . . . . . . . . . . . . . . . . . . . . . . . . . . . . .
. . . . . . . . / . . % % % % % . . . . . . . . . . . . . . . % % % % . . . .
. . . % % % % % . . . . . . . . . . . . . . . . . . . . . . . . % % % % % . .
. . . . . . . . . . . . . . . . . . . . . . . . . . . . . . . . . . . . . . .
. . . . . . . . . . . . . . . . . . . . . . . . . . . . . . . . . . . . % % %
% % . . . . . . . . . . . . . . . . . . . . . . . . . . . . . . . . . . . . .
. . . . . . . . . . . . . . . . . . . . . . . . . . . . . . . . . . . . . . .
. . . . . . . . . . . . . . . . . . . . . . % % % % % % % . . . . . . . . . .
. . . % % . % % % % % % . . . . . . . . . . . . . . % % . % % % % % . . . . .
. . . . . . . . . % % . . . % % % % % . . . . . . . . . . . . . . . . . . . .
. . . . . . . . . . . . . . . . . . . . . . . . . . . . . . . . . . . . . . .
. . . . . . . . . . . . . . . . . . . . . . . . . . . . . . . . . . > % % %
File elsarticle.dtx ended by \endinput.
Lines  processed: 1528
Comments removed: 137
Comments  passed: 17
Codelines passed: 1370

*************************************************************
*                                                           *
* To finish the installation you have to move the following *
* file into a directory searched by TeX:                    *
*                                                           *
*     elsarticle.cls                                        *
*         and                                               *
*     elsarticle-*.bst                                      *
*                                                           *
* To produce the documentation go to the ../contrib folder  *
* and run the file elsdoc.tex through pdfLaTeX              *
* or use the Makefile which is far more easier.             *
*                                                           *
* Happy TeXing!                                             *
*                                                           *
*************************************************************
 ) 
Here is how much of TeX's memory you used:
 330 strings out of 474117
 3561 string characters out of 5743709
 1925184 words of memory out of 5000000
 22784 multiletter control sequences out of 15000+600000
 558069 words of font info for 36 fonts, out of 8000000 for 9000
 1141 hyphenation exceptions out of 8191
 12i,0n,15p,184b,120s stack positions out of 10000i,1000n,20000p,200000b,200000s

No pages of output.
