\BOOKMARK [1][-]{section.1}{\376\377\116\000\060\001\137\025\212\000}{}% 1
\BOOKMARK [1][-]{section.2}{\376\377\116\214\060\001\164\006\213\272\122\006\147\220\116\016\170\024\172\166\120\107\213\364}{}% 2
\BOOKMARK [2][-]{subsection.2.1}{\376\377\377\010\116\000\377\011\145\160\143\156\211\201\175\040\122\051\165\050\116\016\215\104\147\054\136\002\127\072\133\232\116\367\145\110\163\207}{section.2}% 3
\BOOKMARK [2][-]{subsection.2.2}{\376\377\377\010\116\214\377\011\133\232\116\367\145\110\163\207\166\204\117\040\133\374\147\072\122\066}{section.2}% 4
\BOOKMARK [2][-]{subsection.2.3}{\376\377\377\010\116\011\377\011\145\110\136\224\166\204\137\002\215\050\140\047}{section.2}% 5
\BOOKMARK [1][-]{section.3}{\376\377\116\011\060\001\170\024\172\166\213\276\213\241}{}% 6
\BOOKMARK [2][-]{subsection.3.1}{\376\377\377\010\116\000\377\011\150\067\147\054\220\011\142\351\116\016\145\160\143\156\147\145\156\220}{section.3}% 7
\BOOKMARK [2][-]{subsection.3.2}{\376\377\377\010\116\214\377\011\145\160\143\156\211\201\175\040\122\051\165\050\166\204\155\113\136\246}{section.3}% 8
\BOOKMARK [2][-]{subsection.3.3}{\376\377\377\010\116\011\377\011\123\330\221\317\133\232\116\111}{section.3}% 9
\BOOKMARK [2][-]{subsection.3.4}{\376\377\377\010\126\333\377\011\152\041\127\213\213\276\133\232}{section.3}% 10
\BOOKMARK [1][-]{section.4}{\376\377\126\333\060\001\133\236\213\301\150\300\232\214}{}% 11
\BOOKMARK [2][-]{subsection.4.1}{\376\377\377\010\116\000\377\011\143\317\217\360\140\047\176\337\213\241}{section.4}% 12
\BOOKMARK [2][-]{subsection.4.2}{\376\377\377\010\116\214\377\011\127\372\121\306\126\336\137\122\176\323\147\234}{section.4}% 13
\BOOKMARK [2][-]{subsection.4.3}{\376\377\377\010\116\011\377\011\147\204\137\365\217\271\165\114\116\016\155\113\136\246\210\145\137\072}{section.4}% 14
\BOOKMARK [2][-]{subsection.4.4}{\376\377\377\010\126\333\377\011\145\366\225\364\230\172\136\217\116\016\121\205\165\037\140\047\213\306\122\053}{section.4}% 15
\BOOKMARK [2][-]{subsection.4.5}{\376\377\377\010\116\224\377\011\123\314\221\315\147\072\126\150\133\146\116\140\117\060\213\241}{section.4}% 16
\BOOKMARK [2][-]{subsection.4.6}{\376\377\377\010\121\155\377\011\172\063\120\145\140\047\150\300\232\214}{section.4}% 17
\BOOKMARK [1][-]{section.5}{\376\377\116\224\060\001\217\333\116\000\153\145\122\006\147\220}{}% 18
\BOOKMARK [2][-]{subsection.5.1}{\376\377\377\010\116\000\377\011\117\040\133\374\147\072\122\066\150\300\232\214}{section.5}% 19
\BOOKMARK [2][-]{subsection.5.2}{\376\377\377\010\116\214\377\011\136\177\136\246\040\024\155\361\136\246\225\031\221\115\116\016\151\202\137\365\140\047\123\331\116\213}{section.5}% 20
\BOOKMARK [1][-]{section.6}{\376\377\121\155\060\001\137\002\215\050\140\047\122\006\147\220}{}% 21
\BOOKMARK [2][-]{subsection.6.1}{\376\377\377\010\116\000\377\011\145\077\173\126\226\066\153\265\145\110\136\224}{section.6}% 22
\BOOKMARK [2][-]{subsection.6.2}{\376\377\377\010\116\214\377\011\117\341\140\157\116\055\116\313\155\073\215\303\136\246}{section.6}% 23
\BOOKMARK [2][-]{subsection.6.3}{\376\377\377\010\116\011\377\011\116\012\136\002\147\177\127\127\135\356\137\002}{section.6}% 24
\BOOKMARK [1][-]{section.7}{\376\377\116\003\060\001\170\024\172\166\176\323\213\272\116\016\124\057\171\072}{}% 25
\BOOKMARK [1][-]{section.8}{\376\377\226\104\137\125\000A\377\032\145\160\143\156\211\201\175\040\122\051\165\050\121\163\225\056\213\315\156\005\123\125}{}% 26
\BOOKMARK [1][-]{section.9}{\376\377\226\104\137\125\000B\377\032\000L\000L\000M\213\355\116\111\213\304\122\006\123\117\213\256}{}% 27
\BOOKMARK [2][-]{subsection.9.1}{\376\377\000B\0001\000.\000\040\213\304\122\006\143\320\171\072\213\315}{section.9}% 28
\BOOKMARK [2][-]{subsection.9.2}{\376\377\000B\0002\000.\000\040\122\044\122\006\211\304\122\031\116\016\171\072\117\213}{section.9}% 29
\BOOKMARK [2][-]{subsection.9.3}{\376\377\000B\0003\000.\000\040\167\037\133\236\116\012\116\013\145\207\171\072\117\213}{section.9}% 30
\BOOKMARK [1][-]{section.10}{\376\377\226\104\137\125\000C\377\032\146\377\116\343\122\007\160\271\116\016\210\145\121\105\137\002\215\050\140\047\176\323\147\234}{}% 31
\BOOKMARK [1][-]{section.11}{\376\377\226\104\137\125\000D\377\032\122\006\134\102\131\015\150\070\150\067\147\054\116\016\116\000\201\364\140\047\176\323\147\234}{}% 32
\BOOKMARK [1][-]{section.12}{\376\377\226\104\137\125\000E\377\032\130\236\137\072\155\113\136\246\166\204\210\145\121\105\176\323\147\234}{}% 33
